// Jest Snapshot v1, https://goo.gl/fbAQLP

exports[`video list render empty list 1`] = `"<div>Please start search</div>"`;

exports[`video list render message for empty result 1`] = `"<div>Not found</div>"`;

exports[`video list render videos non empty result 1`] = `
"<div>
                <ul>
                <li><img src=\\"thumbnailUrl1\\" alt=\\"\\">Title 1</li><li><img src=\\"thumbnailUrl2\\" alt=\\"\\">Title 2</li>
                </ul>
            </div>"
`;
